// Jest Snapshot v1, https://goo.gl/fbAQLP

exports[`<Footer /> render Footer 1`] = `
<div
  className="row footer bg-primary py-3"
>
  <div
    className="col-12 text-center"
  >
    Â©2020 TheBoardGameGuru Team. All rights reserved.
  </div>
</div>
`;
